Total Number of Sets      : 8
Number of Surviving Sets  : 2

Total Surrogate Train Time :        0.540 s
Total Exploration Time     :        0.021 s
Total Search Time          :        1.649 s
Number of Cores Used       :           64

Train time and score of each Surrogate:
      con2    0.1907(s)     1.0000
      con1    0.2140(s)     1.0000
       obj    0.1350(s)     1.0000

Search time and f_evals of each Set:
         2    0.4081(s)
         4    1.2406(s)